2026-02-22 21:09:46.825 29740-29740 GlassesActivity         io....stant.companion.android.debug  D  ZZZ: cameraProvider=androidx.camera.lifecycle.ProcessCameraProvider@b0398b3
2026-02-22 21:09:46.826 29740-29740 GlassesActivity         io....stant.companion.android.debug  D  ZZZ: cameraProvider.availableCameraInfos=[androidx.camera.camera2.internal.Camera2CameraInfoImpl@680be70]
2026-02-22 21:09:46.838 29740-29740 GlassesActivity         io....stant.companion.android.debug  D  ZZZ: cameraCharacteristics=StreamConfiguration(Outputs([w:240, h:320, format:JPEG(256), min_duration:33333333, stall:0], [w:320, h:240, format:JPEG(256), min_duration:33333333, stall:0], [w:352, h:288, format:JPEG(256), min_duration:33333333, stall:0], [w:320, h:320, format:JPEG(256), min_duration:33333333, stall:0], [w:640, h:360, format:JPEG(256), min_duration:33333333, stall:0], [w:640, h:400, format:JPEG(256), min_duration:33333333, stall:0], [w:640, h:480, format:JPEG(256), min_duration:33333333, stall:0], [w:720, h:480, format:JPEG(256), min_duration:33333333, stall:0], [w:616, h:616, format:JPEG(256), min_duration:33333333, stall:0], [w:800, h:480, format:JPEG(256), min_duration:33333333, stall:0], [w:624, h:624, format:JPEG(256), min_duration:33333333, stall:0], [w:720, h:576, format:JPEG(256), min_duration:33333333, stall:0], [w:864, h:480, format:JPEG(256), min_duration:33333333, stall:0], [w:800, h:600, format:JPEG(256), min_duration:33333333, stall:0], [w:820, h:614, format:JPEG(256), min_duration:33333333, stall:0], [w:1024, h:576, format:JPEG(256), min_duration:33333333, stall:0], [w:1024, h:738, format:JPEG(256), min_duration:33333333, stall:0], [w:1024, h:768, format:JPEG(256), min_duration:33333333, stall:0], [w:720, h:1280, format:JPEG(256), min_duration:33333333, stall:0], [w:1280, h:720, format:JPEG(256), min_duration:33333333, stall:0], [w:1280, h:768, format:JPEG(256), min_duration:33333333, stall:0], [w:1080, h:1080, format:JPEG(256), min_duration:33333333, stall:0], [w:1280, h:960, format:JPEG(256), min_duration:33333333, stall:0], [w:1280, h:1024, format:JPEG(256), min_duration:33333333, stall:0], [w:1440, h:1080, format:JPEG(256), min_duration:33333333, stall:0], [w:1600, h:1200, format:JPEG(256), min_duration:33333333, stall:0], [w:1920, h:1080, format:JPEG(256), min_duration:33333333, stall:0], [w:1920, h:1440, format:JPEG(256), min_duration:33333333, stall:0], [w:2048, h:1536, format:JPEG(256), min_duration:33333333, stall:0], [w:2688, h:1512, format:JPEG(256), min_duration:33333333, stall:0], [w:2328, h:1748, format:JPEG(256), min_duration:33333333, stall:0], [w:2592, h:1940, format:JPEG(256), min_duration:33333333, stall:0], [w:2592, h:1944, format:JPEG(256), min_duration:33333333, stall:0], [w:3072, h:1728, format:JPEG(256), min_duration:33333333, stall:0], [w:3000, h:2250, format:JPEG(256), min_duration:33333333, stall:0], [w:2976, h:2976, format:JPEG(256), min_duration:33333333, stall:0], [w:4000, h:3000, format:JPEG(256), min_duration:33333333, stall:0], [w:4032, h:3024, format:JPEG(256), min_duration:33333333, stall:0], [w:240, h:320, format:PRIVATE(34), min_duration:33333333, stall:0], [w:320, h:240, format:PRIVATE(34), min_duration:33333333, stall:0], [w:352, h:288, format:PRIVATE(34), min_duration:33333333, stall:0], [w:320, h:320, format:PRIVATE(34), min_duration:33333333, stall:0], [w:640, h:360, format:PRIVATE(34), min_duration:33333333, stall:0], [w:640, h:400, format:PRIVATE(34), min_duration:33333333, stall:0], [w:640, h:480, format:PRIVATE(34), min_duration:33333333, stall:0], [w:720, h:480, format:PRIVATE(34), min_duration:33333333, stall:0], [w:616, h:616, format:PRIVATE(34), min_duration:33333333, stall:0], [w:800, h:480, format:PRIVATE(34), min_duration:33333333, stall:0], [w:624, h:624, format:PRIVATE(34), min_duration:33333333, stall:0], [w:720, h:576, format:PRIVATE(34), min_duration:33333333, stall:0], [w:864, h:480, format:PRIVATE(34), min_duration:33333333, stall:0], [w:800, h:600, format:PRIVATE(34), min_duration:33333333, stall:0], [w:820, h:614, format:PRIVATE(34), min_duration:33333333, stall:0], [w:1024, h:576, format:PRIVATE(34), min_duration:33333333, stall:0], [w:1024, h:738, format:PRIVATE(34), min_duration:33333333, stall:0], [w:1024, h:768, format:PRIVATE(34), min_duration:33333333, stall:0], [w:720, h:1280, format:PRIVATE(34), min_duration:33333333, stall:0], [w:1280, h:720, format:PRIVATE(34), min_duration:33333333, stall:0], [w:1280, h:768, format:PRIVATE(34
2026-02-22 21:09:46.838 29740-29740 GlassesActivity         io....stant.companion.android.debug  D  ), min_duration:33333333, stall:0], [w:1080, h:1080, format:PRIVATE(34), min_duration:33333333, stall:0], [w:1280, h:960, format:PRIVATE(34), min_duration:33333333, stall:0], [w:1280, h:1024, format:PRIVATE(34), min_duration:33333333, stall:0], [w:1440, h:1080, format:PRIVATE(34), min_duration:33333333, stall:0], [w:1600, h:1200, format:PRIVATE(34), min_duration:33333333, stall:0], [w:1920, h:1080, format:PRIVATE(34), min_duration:33333333, stall:0], [w:1920, h:1440, format:PRIVATE(34), min_duration:33333333, stall:0], [w:2048, h:1536, format:PRIVATE(34), min_duration:33333333, stall:0], [w:2688, h:1512, format:PRIVATE(34), min_duration:33333333, stall:0], [w:2328, h:1748, format:PRIVATE(34), min_duration:33333333, stall:0], [w:2592, h:1940, format:PRIVATE(34), min_duration:33333333, stall:0], [w:2592, h:1944, format:PRIVATE(34), min_duration:33333333, stall:0], [w:3072, h:1728, format:PRIVATE(34), min_duration:33333333, stall:0], [w:3000, h:2250, format:PRIVATE(34), min_duration:33333333, stall:0], [w:2976, h:2976, format:PRIVATE(34), min_duration:33333333, stall:0], [w:4000, h:3000, format:PRIVATE(34), min_duration:33333333, stall:0], [w:4032, h:3024, format:PRIVATE(34), min_duration:33333333, stall:0], [w:240, h:320, format:YUV_420_888(35), min_duration:33333333, stall:0], [w:320, h:240, format:YUV_420_888(35), min_duration:33333333, stall:0], [w:352, h:288, format:YUV_420_888(35), min_duration:33333333, stall:0], [w:320, h:320, format:YUV_420_888(35), min_duration:33333333, stall:0], [w:640, h:360, format:YUV_420_888(35), min_duration:33333333, stall:0], [w:640, h:400, format:YUV_420_888(35), min_duration:33333333, stall:0], [w:640, h:480, format:YUV_420_888(35), min_duration:33333333, stall:0], [w:720, h:480, format:YUV_420_888(35), min_duration:33333333, stall:0], [w:616, h:616, format:YUV_420_888(35), min_duration:33333333, stall:0], [w:800, h:480, format:YUV_420_888(35), min_duration:33333333, stall:0], [w:624, h:624, format:YUV_420_888(35), min_duration:33333333, stall:0], [w:720, h:576, format:YUV_420_888(35), min_duration:33333333, stall:0], [w:864, h:480, format:YUV_420_888(35), min_duration:33333333, stall:0], [w:800, h:600, format:YUV_420_888(35), min_duration:33333333, stall:0], [w:820, h:614, format:YUV_420_888(35), min_duration:33333333, stall:0], [w:1024, h:576, format:YUV_420_888(35), min_duration:33333333, stall:0], [w:1024, h:738, format:YUV_420_888(35), min_duration:33333333, stall:0], [w:1024, h:768, format:YUV_420_888(35), min_duration:33333333, stall:0], [w:720, h:1280, format:YUV_420_888(35), min_duration:33333333, stall:0], [w:1280, h:720, format:YUV_420_888(35), min_duration:33333333, stall:0], [w:1280, h:768, format:YUV_420_888(35), min_duration:33333333, stall:0], [w:1080, h:1080, format:YUV_420_888(35), min_duration:33333333, stall:0], [w:1280, h:960, format:YUV_420_888(35), min_duration:33333333, stall:0], [w:1280, h:1024, format:YUV_420_888(35), min_duration:33333333, stall:0], [w:1440, h:1080, format:YUV_420_888(35), min_duration:33333333, stall:0], [w:1600, h:1200, format:YUV_420_888(35), min_duration:33333333, stall:0], [w:1920, h:1080, format:YUV_420_888(35), min_duration:33333333, stall:0], [w:1920, h:1440, format:YUV_420_888(35), min_duration:33333333, stall:0], [w:2048, h:1536, format:YUV_420_888(35), min_duration:33333333, stall:0], [w:2688, h:1512, format:YUV_420_888(35), min_duration:33333333, stall:0], [w:2328, h:1748, format:YUV_420_888(35), min_duration:33333333, stall:0], [w:2592, h:1940, format:YUV_420_888(35), min_duration:33333333, stall:0], [w:2592, h:1944, format:YUV_420_888(35), min_duration:33333333, stall:0], [w:3072, h:1728, format:YUV_420_888(35), min_duration:33333333, stall:0], [w:3000, h:2250, format:YUV_420_888(35), min_duration:33333333, stall:0], [w:2976, h:2976, format:YUV_420_888(35), min_duration:33333333, stall:0], [w:4000, h:3000, format:YUV_420_888(35), min_duration:33333333, stall:0], [w:4032, h:3024, format:YUV_420_888(35), min_duration:33333333, stall:0], 
2026-02-22 21:09:46.838 29740-29740 GlassesActivity         io....stant.companion.android.debug  D  [w:864, h:480, format:HEIC(1212500294), min_duration:33333333, stall:0], [w:1920, h:1440, format:HEIC(1212500294), min_duration:33333333, stall:0], [w:1280, h:720, format:HEIC(1212500294), min_duration:33333333, stall:0], [w:2048, h:1536, format:HEIC(1212500294), min_duration:33333333, stall:0], [w:800, h:480, format:HEIC(1212500294), min_duration:33333333, stall:0], [w:320, h:240, format:HEIC(1212500294), min_duration:33333333, stall:0], [w:352, h:288, format:HEIC(1212500294), min_duration:33333333, stall:0], [w:1440, h:1080, format:HEIC(1212500294), min_duration:33333333, stall:0], [w:4032, h:3024, format:HEIC(1212500294), min_duration:33333333, stall:0], [w:2328, h:1748, format:HEIC(1212500294), min_duration:33333333, stall:0], [w:240, h:320, format:HEIC(1212500294), min_duration:33333333, stall:0], [w:1024, h:738, format:HEIC(1212500294), min_duration:33333333, stall:0], [w:1920, h:1080, format:HEIC(1212500294), min_duration:33333333, stall:0], [w:720, h:480, format:HEIC(1212500294), min_duration:33333333, stall:0], [w:1600, h:1200, format:HEIC(1212500294), min_duration:33333333, stall:0], [w:1080, h:1080, format:HEIC(1212500294), min_duration:33333333, stall:0], [w:2592, h:1944, format:HEIC(1212500294), min_duration:33333333, stall:0], [w:624, h:624, format:HEIC(1212500294), min_duration:33333333, stall:0], [w:1280, h:1024, format:HEIC(1212500294), min_duration:33333333, stall:0], [w:720, h:1280, format:HEIC(1212500294), min_duration:33333333, stall:0], [w:616, h:616, format:HEIC(1212500294), min_duration:33333333, stall:0], [w:1280, h:768, format:HEIC(1212500294), min_duration:33333333, stall:0], [w:640, h:480, format:HEIC(1212500294), min_duration:33333333, stall:0], [w:820, h:614, format:HEIC(1212500294), min_duration:33333333, stall:0], [w:2592, h:1940, format:HEIC(1212500294), min_duration:33333333, stall:0], [w:3072, h:1728, format:HEIC(1212500294), min_duration:33333333, stall:0], [w:2976, h:2976, format:HEIC(1212500294), min_duration:33333333, stall:0], [w:640, h:400, format:HEIC(1212500294), min_duration:33333333, stall:0], [w:1024, h:768, format:HEIC(1212500294), min_duration:33333333, stall:0], [w:640, h:360, format:HEIC(1212500294), min_duration:33333333, stall:0], [w:3000, h:2250, format:HEIC(1212500294), min_duration:33333333, stall:0], [w:1280, h:960, format:HEIC(1212500294), min_duration:33333333, stall:0], [w:4000, h:3000, format:HEIC(1212500294), min_duration:33333333, stall:0], [w:2688, h:1512, format:HEIC(1212500294), min_duration:33333333, stall:0], [w:800, h:600, format:HEIC(1212500294), min_duration:33333333, stall:0], [w:320, h:320, format:HEIC(1212500294), min_duration:33333333, stall:0]), HighResolutionOutputs(), Inputs(), ValidOutputFormatsForInput(), HighSpeedVideoConfigurations())
2026-02-22 21:09:46.841 29740-29740 DeviceQuirks            io....stant.companion.android.debug  D  core DeviceQuirks = SurfaceOrderQuirk
2026-02-22 21:09:46.843 29740-29740 ResolvedFeatureGroup    io....stant.companion.android.debug  D  resolveFeatureGroup: sessionConfig = androidx.camera.core.LegacySessionConfig@31346b8, lensFacing = 1
2026-02-22 21:09:46.844 29740-29740 CameraUseCaseAdapter    io....stant.companion.android.debug  D  addUseCases: appUseCasesToAdd = [ImageCapture:androidx.camera.core.ImageCapture-11d6e2b6-a52b-4085-9cfa-d215a45c448f], featureGroup = null
2026-02-22 21:09:46.849 29740-29740 UseCase                 io....stant.companion.android.debug  D  applyFeaturesToConfig: mFeatureGroup = null, this = ImageCapture:androidx.camera.core.ImageCapture-11d6e2b6-a52b-4085-9cfa-d215a45c448f
2026-02-22 21:09:46.850 29740-29740 SupportedO...sCollector io....stant.companion.android.debug  D  useCaseConfig = androidx.camera.core.impl.ImageCaptureConfig@9115c91, candidateSizes = [4032x3024, 4000x3000, 2976x2976, 3000x2250, 3072x1728, 2592x1944, 2592x1940, 2328x1748, 2688x1512, 2048x1536, 1920x1440, 1920x1080, 1600x1200, 1440x1080, 1280x1024, 1280x960, 1080x1080, 1280x768, 720x1280, 1280x720, 1024x768, 1024x738, 1024x576, 820x614, 800x600, 720x576, 864x480, 624x624, 800x480, 616x616, 720x480, 640x480, 640x400, 640x360, 320x320, 352x288, 240x320, 320x240]
2026-02-22 21:09:46.854 29740-29740 SupportedS...ombination io....stant.companion.android.debug  D  resolvedDynamicRanges = {androidx.camera.core.impl.ImageCaptureConfig@9115c91=DynamicRange@fbec7f6{encoding=SDR, bitDepth=8}}
2026-02-22 21:09:46.854 29740-29740 SupportedS...ombination io....stant.companion.android.debug  D  getSuggestedStreamSpecifications: isPreviewStabilizationOn = false, mIsPreviewStabilizationSupported = false, isFeatureComboInvocation = false
2026-02-22 21:09:46.854 29740-29740 SupportedS...ombination io....stant.companion.android.debug  D  resolveSpecsByCheckingMethod: checkingMethod = WITHOUT_FEATURE_COMBO
2026-02-22 21:09:46.854 29740-29740 SupportedS...ombination io....stant.companion.android.debug  D  resolveSpecsBySettings: featureSettings = FeatureSettings{getCameraMode=0, hasVideoCapture=false, getRequiredMaxBitDepth=8, isPreviewStabilizationOn=false, isUltraHdrOn=false, isHighSpeedOn=false, isFeatureComboInvocation=false, requiresFeatureComboQuery=false, getTargetFpsRange=[0, 0], isStrictFpsRequired=false}
2026-02-22 21:09:46.856 29740-29740 CameraQuirks            io....stant.companion.android.debug  D  camera2 CameraQuirks = 
2026-02-22 21:09:46.857 29740-29740 SupportedS...ombination io....stant.companion.android.debug  D  orderedSurfaceConfigListForStreamUseCase = [SurfaceConfig(configType=JPEG, configSize=MAXIMUM, streamUseCase=STILL_CAPTURE)]
2026-02-22 21:09:46.857 29740-29740 SupportedS...ombination io....stant.companion.android.debug  D  resolveSpecsBySettings: bestSizesAndFps = BestSizesAndMaxFpsForConfigs{bestSizes=[1440x1080], bestSizesForStreamUseCase=[1440x1080], maxFpsForBestSizes=30, maxFpsForStreamUseCase=30, maxFpsForAllSizes=2147483647}
2026-02-22 21:09:46.860 29740-29740 UseCase                 io....stant.companion.android.debug  D  applyFeaturesToConfig: mFeatureGroup = null, this = ImageCapture:androidx.camera.core.ImageCapture-11d6e2b6-a52b-4085-9cfa-d215a45c448f
2026-02-22 21:09:46.861 29740-29740 ImageCapture            io....stant.companion.android.debug  D  onSuggestedStreamSpecUpdated: primaryStreamSpec = StreamSpec{resolution=1440x1080, originalConfiguredResolution=1440x1080, dynamicRange=DynamicRange@fbec7f6{encoding=SDR, bitDepth=8}, sessionType=0, expectedFrameRateRange=[0, 0], implementationOptions=androidx.camera.camera2.impl.Camera2ImplConfig@a136c93, zslDisabled=false}, secondaryStreamSpec null
2026-02-22 21:09:46.861 29740-29740 ImageCapture            io....stant.companion.android.debug  D  createPipeline(cameraId: 0, streamSpec: StreamSpec{resolution=1440x1080, originalConfiguredResolution=1440x1080, dynamicRange=DynamicRange@fbec7f6{encoding=SDR, bitDepth=8}, sessionType=0, expectedFrameRateRange=[0, 0], implementationOptions=androidx.camera.camera2.impl.Camera2ImplConfig@a136c93, zslDisabled=false})
2026-02-22 21:09:46.862 29740-29740 DeferrableSurface       io....stant.companion.android.debug  D  Surface created[total_surfaces=1, used_surfaces=0](androidx.camera.core.impl.ImmediateSurface@20c34d0}
2026-02-22 21:09:46.864 29740-29740 ImageCapture            io....stant.companion.android.debug  D  onCameraControlReady
2026-02-22 21:09:46.864 29740-29951 Camera2CameraImpl       io....stant.companion.android.debug  D  {Camera@41edde5[id=0]} Use case androidx.camera.core.ImageCapture-11d6e2b6-a52b-4085-9cfa-d215a45c448f240150394 ACTIVE
2026-02-22 21:09:46.864 29740-29740 Camera2CameraControlImp io....stant.companion.android.debug  D  setFlashMode: mFlashMode = 2
2026-02-22 21:09:46.864 29740-29951 UseCaseAttachState      io....stant.companion.android.debug  D  Active and attached use case: [] for camera: 0
2026-02-22 21:09:46.865 29740-29740 GlassesActivity         io....stant.companion.android.debug  D  ZZZ: imageCapture=ImageCapture:androidx.camera.core.ImageCapture-11d6e2b6-a52b-4085-9cfa-d215a45c448f
2026-02-22 21:09:46.865 29740-29740 GlassesActivity         io....stant.companion.android.debug  D  ZZZ: takePhoto
2026-02-22 21:09:46.866 29740-29740 ImageCapture            io....stant.companion.android.debug  D  takePictureInternal
2026-02-22 21:09:46.866 29740-29740 TakePictureManagerImpl  io....stant.companion.android.debug  D  Issue the next TakePictureRequest.
2026-02-22 21:09:46.867 29740-29951 Camera2CameraImpl       io....stant.companion.android.debug  D  {Camera@41edde5[id=0]} Use case androidx.camera.core.ImageCapture-11d6e2b6-a52b-4085-9cfa-d215a45c448f240150394 ACTIVE
2026-02-22 21:09:46.867 29740-29951 UseCaseAttachState      io....stant.companion.android.debug  D  Active and attached use case: [] for camera: 0
2026-02-22 21:09:46.870 29740-29951 UseCaseAttachState      io....stant.companion.android.debug  D  Active and attached use case: [] for camera: 0
2026-02-22 21:09:46.874 29740-29951 Camera2CameraImpl       io....stant.companion.android.debug  D  {Camera@41edde5[id=0]} Use cases [androidx.camera.core.ImageCapture-11d6e2b6-a52b-4085-9cfa-d215a45c448f240150394] now ATTACHED
2026-02-22 21:09:46.874 29740-29951 Camera2CameraControlImp io....stant.companion.android.debug  D  setActive: isActive = true
2026-02-22 21:09:46.875 29740-29951 UseCaseAttachState      io....stant.companion.android.debug  D  All use case: [androidx.camera.core.ImageCapture-11d6e2b6-a52b-4085-9cfa-d215a45c448f240150394] for camera: 0
2026-02-22 21:09:46.877 29740-29740 InsetsController        io....stant.companion.android.debug  D  hide(ime())
2026-02-22 21:09:46.878 29740-29740 ImeTracker              io....stant.companion.android.debug  I  io.homeassistant.companion.android.debug:23f97067: onCancelled at PHASE_CLIENT_ALREADY_HIDDEN
2026-02-22 21:09:46.879 29740-29951 MeteringRepeating       io....stant.companion.android.debug  D  MeteringSession SurfaceTexture size: 320x320
2026-02-22 21:09:46.880 29740-29951 DeferrableSurface       io....stant.companion.android.debug  D  Surface created[total_surfaces=2, used_surfaces=0](androidx.camera.core.impl.ImmediateSurface@d9bc0f5}
2026-02-22 21:09:46.881 29740-29951 DynamicRangeResolver    io....stant.companion.android.debug  D  Resolved dynamic range for use case androidx.camera.camera2.internal.MeteringRepeatingSession-903abc99-d4e7-4034-b7c7-77f6718f887f to no compatible HDR dynamic ranges.
                                                                                                    DynamicRange@e347771{encoding=UNSPECIFIED, bitDepth=0}
                                                                                                    ->
                                                                                                    DynamicRange@fbec7f6{encoding=SDR, bitDepth=8}
2026-02-22 21:09:46.881 29740-29951 SupportedS...ombination io....stant.companion.android.debug  D  resolvedDynamicRanges = {androidx.camera.camera2.internal.MeteringRepeatingSession$MeteringRepeatingConfig@f788118=DynamicRange@fbec7f6{encoding=SDR, bitDepth=8}}
2026-02-22 21:09:46.881 29740-29951 SupportedS...ombination io....stant.companion.android.debug  D  getSuggestedStreamSpecifications: isPreviewStabilizationOn = false, mIsPreviewStabilizationSupported = false, isFeatureComboInvocation = false
2026-02-22 21:09:46.881 29740-29951 SupportedS...ombination io....stant.companion.android.debug  D  resolveSpecsByCheckingMethod: checkingMethod = WITHOUT_FEATURE_COMBO
2026-02-22 21:09:46.882 29740-29951 SupportedS...ombination io....stant.companion.android.debug  D  resolveSpecsBySettings: featureSettings = FeatureSettings{getCameraMode=0, hasVideoCapture=false, getRequiredMaxBitDepth=8, isPreviewStabilizationOn=false, isUltraHdrOn=false, isHighSpeedOn=false, isFeatureComboInvocation=false, requiresFeatureComboQuery=false, getTargetFpsRange=[0, 0], isStrictFpsRequired=false}
2026-02-22 21:09:46.882 29740-29951 CameraQuirks            io....stant.companion.android.debug  D  camera2 CameraQuirks = 
2026-02-22 21:09:46.883 29740-29951 SupportedS...ombination io....stant.companion.android.debug  D  orderedSurfaceConfigListForStreamUseCase = [SurfaceConfig(configType=JPEG, configSize=MAXIMUM, streamUseCase=STILL_CAPTURE), SurfaceConfig(configType=PRIV, configSize=PREVIEW, streamUseCase=PREVIEW)]
2026-02-22 21:09:46.883 29740-29951 SupportedS...ombination io....stant.companion.android.debug  D  resolveSpecsBySettings: bestSizesAndFps = BestSizesAndMaxFpsForConfigs{bestSizes=[320x320], bestSizesForStreamUseCase=[320x320], maxFpsForBestSizes=30, maxFpsForStreamUseCase=30, maxFpsForAllSizes=2147483647}
2026-02-22 21:09:46.884 29740-29951 Camera2CameraImpl       io....stant.companion.android.debug  D  {Camera@41edde5[id=0]} Surface combination with metering repeating supported!
2026-02-22 21:09:46.884 29740-29951 UseCaseAttachState      io....stant.companion.android.debug  D  Active and attached use case: [androidx.camera.core.ImageCapture-11d6e2b6-a52b-4085-9cfa-d215a45c448f240150394, MeteringRepeating247270871] for camera: 0
2026-02-22 21:09:46.888 29740-29951 Camera2CameraImpl       io....stant.companion.android.debug  D  {Camera@41edde5[id=0]} Resetting Capture Session
2026-02-22 21:09:46.888 29740-29951 Camera2CameraImpl       io....stant.companion.android.debug  D  {Camera@41edde5[id=0]} Skipping Capture Session state check due to current camera state: INITIALIZED and previous session status: false
2026-02-22 21:09:46.888 29740-29951 Camera2CameraImpl       io....stant.companion.android.debug  D  {Camera@41edde5[id=0]} Releasing session in state INITIALIZED
2026-02-22 21:09:46.888 29740-29951 Camera2CameraImpl       io....stant.companion.android.debug  D  {Camera@41edde5[id=0]} Attempting to force open the camera.
2026-02-22 21:09:46.889 29740-29951 CameraStateRegistry     io....stant.companion.android.debug  D  tryOpenCamera(Camera@41edde5[id=0]) [Available Cameras: 1, Already Open: false (Previous state: null)] --> SUCCESS
2026-02-22 21:09:46.889 29740-29951 CameraStateRegistry     io....stant.companion.android.debug  D  Recalculating open cameras:
                                                                                                    Camera                                       State                 
                                                                                                    -------------------------------------------------------------------
                                                                                                    Camera@41edde5[id=0]                         OPENING               
                                                                                                    -------------------------------------------------------------------
                                                                                                    Open count: 1 (Max allowed: 1)
2026-02-22 21:09:46.889 29740-29951 Camera2CameraImpl       io....stant.companion.android.debug  D  {Camera@41edde5[id=0]} Opening camera.
2026-02-22 21:09:46.889 29740-29951 Camera2CameraImpl       io....stant.companion.android.debug  D  {Camera@41edde5[id=0]} Transitioning camera internal state: INITIALIZED --> OPENING
2026-02-22 21:09:46.889 29740-29951 CameraStateMachine      io....stant.companion.android.debug  D  New public camera state CameraState{type=OPENING, error=null} from OPENING and null
2026-02-22 21:09:46.889 29740-29951 CameraStateMachine      io....stant.companion.android.debug  D  Publishing new public camera state CameraState{type=OPENING, error=null}
2026-02-22 21:09:46.889 29740-29951 UseCaseAttachState      io....stant.companion.android.debug  D  All use case: [androidx.camera.core.ImageCapture-11d6e2b6-a52b-4085-9cfa-d215a45c448f240150394, MeteringRepeating247270871] for camera: 0
2026-02-22 21:09:46.905 29740-29951 Camera2CameraImpl       io....stant.companion.android.debug  D  {Camera@41edde5[id=0]} Use case androidx.camera.core.ImageCapture-11d6e2b6-a52b-4085-9cfa-d215a45c448f240150394 ACTIVE
2026-02-22 21:09:46.905 29740-29951 UseCaseAttachState      io....stant.companion.android.debug  D  Active and attached use case: [androidx.camera.core.ImageCapture-11d6e2b6-a52b-4085-9cfa-d215a45c448f240150394, MeteringRepeating247270871] for camera: 0
2026-02-22 21:09:46.906 29740-29951 Camera2CameraImpl       io....stant.companion.android.debug  D  {Camera@41edde5[id=0]} CameraDevice.onOpened()
2026-02-22 21:09:46.906 29740-29951 Camera2CameraImpl       io....stant.companion.android.debug  D  {Camera@41edde5[id=0]} Transitioning camera internal state: OPENING --> OPENED
2026-02-22 21:09:46.906 29740-29951 CameraStateRegistry     io....stant.companion.android.debug  D  Recalculating open cameras:
                                                                                                    Camera                                       State                 
                                                                                                    -------------------------------------------------------------------
                                                                                                    Camera@41edde5[id=0]                         OPEN                  
                                                                                                    -------------------------------------------------------------------
                                                                                                    Open count: 1 (Max allowed: 1)
2026-02-22 21:09:46.906 29740-29951 CameraStateMachine      io....stant.companion.android.debug  D  New public camera state CameraState{type=OPEN, error=null} from OPEN and null
2026-02-22 21:09:46.906 29740-29951 CameraStateMachine      io....stant.companion.android.debug  D  Publishing new public camera state CameraState{type=OPEN, error=null}
2026-02-22 21:09:46.906 29740-29951 UseCaseAttachState      io....stant.companion.android.debug  D  All use case: [androidx.camera.core.ImageCapture-11d6e2b6-a52b-4085-9cfa-d215a45c448f240150394, MeteringRepeating247270871] for camera: 0
2026-02-22 21:09:46.906 29740-29951 StreamUseCaseUtil       io....stant.companion.android.debug  D  populateSurfaceToStreamUseCaseMapping() - streamUseCaseMap = {androidx.camera.core.impl.ImmediateSurface@20c34d0=2, androidx.camera.core.impl.ImmediateSurface@d9bc0f5=1}
2026-02-22 21:09:46.907 29740-29951 UseCaseAttachState      io....stant.companion.android.debug  D  Active and attached use case: [androidx.camera.core.ImageCapture-11d6e2b6-a52b-4085-9cfa-d215a45c448f240150394, MeteringRepeating247270871] for camera: 0
2026-02-22 21:09:46.909 29740-29951 SyncCaptureSessionBase  io....stant.companion.android.debug  D  [androidx.camera.camera2.internal.SynchronizedCaptureSessionImpl@a509c63] getSurface done with results: [Surface(name=null mNativeObject=-5476376654580085824)/@0x34fc81d, Surface(name=android.graphics.SurfaceTexture@c18ae2c mNativeObject=-5476376654580033088)/@0xb5f3a92]
2026-02-22 21:09:46.910 29740-29951 CaptureSession          io....stant.companion.android.debug  D  Opening capture session.
2026-02-22 21:09:46.912 29740-29951 Camera2Cap...estBuilder io....stant.companion.android.debug  D  template type = 1
2026-02-22 21:09:46.913 29740-29951 Camera2Cap...estBuilder io....stant.companion.android.debug  D  applyAeFpsRange: expectedFrameRateRange = [0, 0]
2026-02-22 21:09:46.914 29740-29951 SyncCaptureSessionImpl  io....stant.companion.android.debug  D  [androidx.camera.camera2.internal.SynchronizedCaptureSessionImpl@a509c63] start openCaptureSession
2026-02-22 21:09:46.914 29740-29951 DeferrableSurface       io....stant.companion.android.debug  D  New surface in use[total_surfaces=2, used_surfaces=1](androidx.camera.core.impl.ImmediateSurface@20c34d0}
2026-02-22 21:09:46.914 29740-29951 DeferrableSurface       io....stant.companion.android.debug  D  use count+1, useCount=1 androidx.camera.core.impl.ImmediateSurface@20c34d0
2026-02-22 21:09:46.914 29740-29951 DeferrableSurface       io....stant.companion.android.debug  D  New surface in use[total_surfaces=2, used_surfaces=2](androidx.camera.core.impl.ImmediateSurface@d9bc0f5}
2026-02-22 21:09:46.914 29740-29951 DeferrableSurface       io....stant.companion.android.debug  D  use count+1, useCount=1 androidx.camera.core.impl.ImmediateSurface@d9bc0f5
2026-02-22 21:09:46.919 29740-29951 CameraDevice-JV-0       io....stant.companion.android.debug  W  Stream configuration failed due to: endConfigureLocked:894: Camera v4_1003: Unsupported set of inputs/outputs provided
2026-02-22 21:09:46.919 29740-29951 CameraCaptureSession    io....stant.companion.android.debug  E  Session 0: Failed to create capture session; configuration failed
2026-02-22 21:09:46.920 29740-29951 DeferrableSurface       io....stant.companion.android.debug  D  use count-1,  useCount=0 closed=false androidx.camera.core.impl.ImmediateSurface@20c34d0
2026-02-22 21:09:46.920 29740-29951 DeferrableSurface       io....stant.companion.android.debug  D  Surface no longer in use[total_surfaces=2, used_surfaces=1](androidx.camera.core.impl.ImmediateSurface@20c34d0}
2026-02-22 21:09:46.920 29740-29951 DeferrableSurface       io....stant.companion.android.debug  D  use count-1,  useCount=0 closed=false androidx.camera.core.impl.ImmediateSurface@d9bc0f5
2026-02-22 21:09:46.920 29740-29951 DeferrableSurface       io....stant.companion.android.debug  D  Surface no longer in use[total_surfaces=2, used_surfaces=0](androidx.camera.core.impl.ImmediateSurface@d9bc0f5}
2026-02-22 21:09:46.921 29740-29951 CaptureSession          io....stant.companion.android.debug  E  CameraCaptureSession.onConfigureFailed() RELEASED
2026-02-22 21:09:46.921 29740-29951 Camera2CameraImpl       io....stant.companion.android.debug  D  {Camera@41edde5[id=0]} Transitioning camera internal state: OPENED --> OPENED
2026-02-22 21:09:46.921 29740-29951 CameraStateMachine      io....stant.companion.android.debug  D  New public camera state CameraState{type=OPEN, error=StateError{code=4, cause=java.lang.IllegalStateException: onConfigureFailed}} from OPEN and StateError{code=4, cause=java.lang.IllegalStateException: onConfigureFailed}
2026-02-22 21:09:46.921 29740-29951 CameraStateMachine      io....stant.companion.android.debug  D  Publishing new public camera state CameraState{type=OPEN, error=StateError{code=4, cause=java.lang.IllegalStateException: onConfigureFailed}}
2026-02-22 21:09:46.922 29740-29951 Camera2CameraImpl       io....stant.companion.android.debug  E  Unable to configure camera Camera@41edde5[id=0] (Fix with AI)
                                                                                                    java.lang.IllegalStateException: onConfigureFailed
                                                                                                    	at androidx.camera.camera2.internal.SynchronizedCaptureSessionBaseImpl$2.onConfigureFailed(SynchronizedCaptureSessionBaseImpl.java:253)
                                                                                                    	at android.hardware.camera2.impl.CallbackProxies$SessionStateCallbackProxy.lambda$onConfigureFailed$1(CallbackProxies.java:64)
                                                                                                    	at android.hardware.camera2.impl.CallbackProxies$SessionStateCallbackProxy.$r8$lambda$f362TqucHTvYFGdSPm8wNRN5KpA(CallbackProxies.java:0)
                                                                                                    	at android.hardware.camera2.impl.CallbackProxies$SessionStateCallbackProxy$$ExternalSyntheticLambda1.run(D8$$SyntheticClass:0)
                                                                                                    	at androidx.camera.core.impl.utils.executor.SequentialExecutor$QueueWorker.workOnQueue(SequentialExecutor.java:229)
                                                                                                    	at androidx.camera.core.impl.utils.executor.SequentialExecutor$QueueWorker.run(SequentialExecutor.java:171)
                                                                                                    	at java.util.concurrent.ThreadPoolExecutor.runWorker(ThreadPoolExecutor.java:1100)
                                                                                                    	at java.util.concurrent.ThreadPoolExecutor$Worker.run(ThreadPoolExecutor.java:624)
                                                                                                    	at androidx.camera.core.CameraExecutor$1.lambda$newThread$0(CameraExecutor.java:68)
                                                                                                    	at androidx.camera.core.CameraExecutor$1$$ExternalSyntheticLambda0.run(D8$$SyntheticClass:0)
                                                                                                    	at java.lang.Thread.run(Thread.java:1564)
2026-02-22 21:09:46.922 29740-29951 Camera2CameraImpl       io....stant.companion.android.debug  D  {Camera@41edde5[id=0]} Resetting Capture Session
2026-02-22 21:09:46.922 29740-29951 Camera2CameraImpl       io....stant.companion.android.debug  D  {Camera@41edde5[id=0]} Releasing session in state OPENED
2026-02-22 21:09:46.922 29740-29951 Camera2PresenceSrc      io....stant.companion.android.debug  D  System onCameraUnavailable: 0
2026-02-22 21:09:46.922 29740-29951 Camera2PresenceSrc      io....stant.companion.android.debug  D  [FetchData] Refreshed camera list: CameraIdentifier{cameraIds=0}
2026-02-22 21:09:46.971 29740-29806 SensorReceiverBase      io....stant.companion.android.debug  D  Nothing to update for server 1 (Home)
2026-02-22 21:09:46.971 29740-29806 SensorReceiverBase      io....stant.companion.android.debug  I  Sensor updates and sync completed
2026-02-22 21:09:47.102 29740-29951 Camera2PresenceSrc      io....stant.companion.android.debug  D  System onCameraAccessPrioritiesChanged.
2026-02-22 21:09:47.102 29740-29951 Camera2PresenceSrc      io....stant.companion.android.debug  D  [FetchData] Refreshed camera list: CameraIdentifier{cameraIds=0}
2026-02-22 21:09:47.135 29740-29806 SensorReceiverBase      io....stant.companion.android.debug  D  Nothing to update for server 1 (Home)
2026-02-22 21:09:47.136 29740-29769 SensorReceiverBase      io....stant.companion.android.debug  I  Sensor updates and sync completed
2026-02-22 21:09:47.215 29740-29769 SensorReceiverBase      io....stant.companion.android.debug  D  Nothing to update for server 1 (Home)
2026-02-22 21:09:47.216 29740-29806 SensorReceiverBase      io....stant.companion.android.debug  I  Sensor updates and sync completed
2026-02-22 21:09:47.218 29740-29782 WM-WorkerWrapper        io....stant.companion.android.debug  I  Worker result SUCCESS for Work [ id=3c704e11-c0af-4f66-9738-a1cca1cd8734, tags={ io.homeassistant.companion.android.sensors.SensorWorker } ]
2026-02-22 21:09:47.223 29740-29740 WM-Processor            io....stant.companion.android.debug  D  Processor 3c704e11-c0af-4f66-9738-a1cca1cd8734 executed; reschedule = false
2026-02-22 21:09:47.223 29740-29740 WM-GreedyScheduler      io....stant.companion.android.debug  D  Stopping tracking for WorkGenerationalId(workSpecId=3c704e11-c0af-4f66-9738-a1cca1cd8734, generation=0)
2026-02-22 21:09:47.224 29740-29740 WM-SystemJobService     io....stant.companion.android.debug  D  3c704e11-c0af-4f66-9738-a1cca1cd8734 executed on JobScheduler
2026-02-22 21:09:47.225 29740-29740 WM-SystemFgDispatcher   io....stant.companion.android.debug  D  Removing Notification (id: 42, workSpecId: WorkGenerationalId(workSpecId=3c704e11-c0af-4f66-9738-a1cca1cd8734, generation=0), notificationType: 1
2026-02-22 21:09:47.227 29740-29783 WM-GreedyScheduler      io....stant.companion.android.debug  D  Cancelling work ID 3c704e11-c0af-4f66-9738-a1cca1cd8734
2026-02-22 21:09:47.227 29740-29740 WM-SystemFgDispatcher   io....stant.companion.android.debug  I  Stopping foreground service
2026-02-22 21:09:47.227 29740-29740 WM-SystemFgService      io....stant.companion.android.debug  D  Shutting down.
2026-02-22 21:09:47.232 29740-29783 WM-SystemJobScheduler   io....stant.companion.android.debug  D  Scheduling work ID 3c704e11-c0af-4f66-9738-a1cca1cd8734Job ID 796
2026-02-22 21:09:47.235 29740-29740 WM-SystemJobService     io....stant.companion.android.debug  D  onStopJob for WorkGenerationalId(workSpecId=3c704e11-c0af-4f66-9738-a1cca1cd8734, generation=0)
2026-02-22 21:09:47.237 29740-29740 n.android.debug         io....stant.companion.android.debug  I  hiddenapi: Accessing hidden field Landroid/app/ActivityThread;->mServices:Landroid/util/ArrayMap; (runtime_flags=0, domain=platform, api=unsupported) from Lleakcanary/ServiceWatcher$activityThreadServices$2; (domain=app, TargetSdkVersion=36) using reflection: allowed
2026-02-22 21:09:47.238 29740-29768 WM-NetworkStateTracker  io....stant.companion.android.debug  D  Unregistering network callback
2026-02-22 21:09:47.238 29740-29740 LeakCanary              io....stant.companion.android.debug  D  Watching instance of androidx.work.impl.foreground.SystemForegroundService (androidx.work.impl.foreground.SystemForegroundService received Service#onDestroy() callback) with key 6e0ecb21-9f11-4f94-999b-65dd0d6f62e4
2026-02-22 21:09:47.240 29740-29740 LeakCanary              io....stant.companion.android.debug  D  Watching instance of androidx.work.impl.background.systemjob.SystemJobService (androidx.work.impl.background.systemjob.SystemJobService received Service#onDestroy() callback) with key 9e166117-4bfc-4df5-9eaa-9a64e15df231
2026-02-22 21:09:49.453 29740-29963 ProfileInstaller        io....stant.companion.android.debug  D  Installing profile for io.homeassistant.companion.android.debug
2026-02-22 21:09:49.697 29740-29774 n.android.debug         io....stant.companion.android.debug  I  Explicit concurrent mark compact GC freed 25MB AllocSpace bytes, 51(1436KB) LOS objects, 95% free, 10MB/256MB, paused 772us,2.929ms total 83.563ms
2026-02-22 21:09:51.109 29740-29740 AudioRecorder           io....stant.companion.android.debug  D  ZZZ: Communication device changed to AudioDeviceInfo: type: earpiece addr:  id: 2